\BOOKMARK [1][-]{section.1}{Product\040documentation}{}% 1
\BOOKMARK [2][-]{subsection.1.1}{Product\040vision}{section.1}% 2
\BOOKMARK [2][-]{subsection.1.2}{Business\040context}{section.1}% 3
\BOOKMARK [2][-]{subsection.1.3}{Scope}{section.1}% 4
\BOOKMARK [2][-]{subsection.1.4}{Glossary}{section.1}% 5
\BOOKMARK [1][-]{section.2}{Users\040and\040research}{}% 6
\BOOKMARK [2][-]{subsection.2.1}{User\040groups}{section.2}% 7
\BOOKMARK [2][-]{subsection.2.2}{Role-based\040personas}{section.2}% 8
\BOOKMARK [2][-]{subsection.2.3}{User\040scenarios}{section.2}% 9
\BOOKMARK [2][-]{subsection.2.4}{User\040journeys}{section.2}% 10
\BOOKMARK [1][-]{section.3}{Requirements}{}% 11
\BOOKMARK [2][-]{subsection.3.1}{Product\040requirements\040baseline}{section.3}% 12
\BOOKMARK [2][-]{subsection.3.2}{Functional\040requirements}{section.3}% 13
\BOOKMARK [2][-]{subsection.3.3}{Non-functional\040requirements}{section.3}% 14
\BOOKMARK [2][-]{subsection.3.4}{User\040stories}{section.3}% 15
\BOOKMARK [2][-]{subsection.3.5}{Acceptance\040criteria}{section.3}% 16
\BOOKMARK [2][-]{subsection.3.6}{Requirements\040traceability}{section.3}% 17
\BOOKMARK [1][-]{section.4}{User\040experience}{}% 18
\BOOKMARK [2][-]{subsection.4.1}{Interface\040overview}{section.4}% 19
\BOOKMARK [2][-]{subsection.4.2}{Cashier\040interface}{section.4}% 20
\BOOKMARK [2][-]{subsection.4.3}{Client/public\040display}{section.4}% 21
\BOOKMARK [2][-]{subsection.4.4}{Administration\040interface}{section.4}% 22
\BOOKMARK [2][-]{subsection.4.5}{UX\040guidelines}{section.4}% 23
\BOOKMARK [1][-]{section.5}{Architecture}{}% 24
\BOOKMARK [2][-]{subsection.5.1}{System\040overview}{section.5}% 25
\BOOKMARK [2][-]{subsection.5.2}{Frontend\040architecture}{section.5}% 26
\BOOKMARK [2][-]{subsection.5.3}{Backend\040architecture}{section.5}% 27
\BOOKMARK [2][-]{subsection.5.4}{Data\040flow}{section.5}% 28
\BOOKMARK [2][-]{subsection.5.5}{Database}{section.5}% 29
\BOOKMARK [2][-]{subsection.5.6}{Turn\040and\040queue\040domain}{section.5}% 30
\BOOKMARK [2][-]{subsection.5.7}{Realtime\040communication}{section.5}% 31
\BOOKMARK [2][-]{subsection.5.8}{Multimedia\040architecture}{section.5}% 32
\BOOKMARK [2][-]{subsection.5.9}{Authentication\040and\040authorization}{section.5}% 33
\BOOKMARK [2][-]{subsection.5.10}{Observed\040architectural\040decisions}{section.5}% 34
\BOOKMARK [1][-]{section.6}{HTTP\040API}{}% 35
\BOOKMARK [2][-]{subsection.6.1}{API\040overview}{section.6}% 36
\BOOKMARK [2][-]{subsection.6.2}{Endpoints}{section.6}% 37
\BOOKMARK [2][-]{subsection.6.3}{Data\040contracts}{section.6}% 38
\BOOKMARK [2][-]{subsection.6.4}{Error\040handling}{section.6}% 39
\BOOKMARK [1][-]{section.7}{Quality}{}% 40
\BOOKMARK [2][-]{subsection.7.1}{Quality\040strategy}{section.7}% 41
\BOOKMARK [2][-]{subsection.7.2}{Testing\040strategy}{section.7}% 42
\BOOKMARK [2][-]{subsection.7.3}{Critical\040test\040cases}{section.7}% 43
\BOOKMARK [2][-]{subsection.7.4}{Known\040limitations}{section.7}% 44
\BOOKMARK [2][-]{subsection.7.5}{Technical\040debt\040register}{section.7}% 45
\BOOKMARK [1][-]{section.8}{Development\040process}{}% 46
\BOOKMARK [2][-]{subsection.8.1}{Development\040setup}{section.8}% 47
\BOOKMARK [2][-]{subsection.8.2}{Project\040structure}{section.8}% 48
\BOOKMARK [2][-]{subsection.8.3}{Coding\040standards}{section.8}% 49
\BOOKMARK [2][-]{subsection.8.4}{Git\040workflow}{section.8}% 50
\BOOKMARK [2][-]{subsection.8.5}{Configuration}{section.8}% 51
\BOOKMARK [2][-]{subsection.8.6}{Environment\040variables}{section.8}% 52
\BOOKMARK [1][-]{section.9}{Operations}{}% 53
\BOOKMARK [2][-]{subsection.9.1}{Deployment}{section.9}% 54
\BOOKMARK [2][-]{subsection.9.2}{Production\040considerations}{section.9}% 55
\BOOKMARK [2][-]{subsection.9.3}{Monitoring}{section.9}% 56
\BOOKMARK [2][-]{subsection.9.4}{Backup\040and\040recovery}{section.9}% 57
\BOOKMARK [2][-]{subsection.9.5}{Security}{section.9}% 58
\BOOKMARK [1][-]{section.10}{Planning}{}% 59
\BOOKMARK [2][-]{subsection.10.1}{Current\040engineering\040status}{section.10}% 60
\BOOKMARK [2][-]{subsection.10.2}{Product\040roadmap}{section.10}% 61
\BOOKMARK [2][-]{subsection.10.3}{Technical\040roadmap}{section.10}% 62
\BOOKMARK [2][-]{subsection.10.4}{Release\040plan}{section.10}% 63
\BOOKMARK [2][-]{subsection.10.5}{Project\040metrics}{section.10}% 64
\BOOKMARK [1][-]{section.11}{Reference}{}% 65
\BOOKMARK [2][-]{subsection.11.1}{Terminology\040and\040naming\040rules}{section.11}% 66
\BOOKMARK [2][-]{subsection.11.2}{Repository\040map}{section.11}% 67
\BOOKMARK [2][-]{subsection.11.3}{Documentation\040status\040and\040confidence}{section.11}% 68
